gcs.c:821:13:gcs_imuB_scaled	664	dynamic,bounded
gcs.c:313:13:gcs_paramlist	640	dynamic,bounded
gcs.c:670:13:gcs_imuA_scaled	664	dynamic,bounded
gcs.c:394:13:gcs_param_value	688	dynamic,bounded
gcs.c:720:13:gcs_imuA_filter	664	dynamic,bounded
gcs.c:1009:13:gcs_gps	632	dynamic,bounded
gcs.c:923:13:gcs_ahrs_eul	664	dynamic,bounded
gcs.c:770:13:gcs_imuB_raw	664	dynamic,bounded
gcs.c:620:13:gcs_imuA_raw	664	dynamic,bounded
gcs.c:575:13:gcs_output	656	dynamic,bounded
gcs.c:529:13:gcs_input	680	dynamic,bounded
gcs.c:357:13:gcs_missionlist	616	dynamic,bounded
gcs.c:276:13:gcs_heartbeat	640	dynamic,bounded
gcs.c:872:13:gcs_imuB_filter	664	dynamic,bounded
gcs.c:41:6:gcs_init	112	dynamic,bounded
gcs.c:133:6:gcs_exit	8	static
gcs.c:144:6:gcs_tx	8	static
gcs.c:188:6:gcs_rx	336	dynamic,bounded
