gcs.c:301:13:gcs_paramupdate	680	dynamic,bounded
gcs.c:259:13:gcs_paramlist	640	dynamic,bounded
gcs.c:690:6:gcs_imuA_scaled	664	dynamic,bounded
gcs.c:740:6:gcs_imuA_filter	664	dynamic,bounded
gcs.c:790:6:gcs_imuB_raw	664	dynamic,bounded
gcs.c:640:6:gcs_imuA_raw	664	dynamic,bounded
gcs.c:427:13:gcs_missionlist	624	dynamic,bounded
gcs.c:462:6:gcs_heartbeat	640	dynamic,bounded
gcs.c:892:6:gcs_imuB_filter	664	dynamic,bounded
gcs.c:841:6:gcs_imuB_scaled	664	dynamic,bounded
gcs.c:40:6:gcs_init	112	dynamic,bounded
gcs.c:128:6:gcs_exit	8	static
gcs.c:139:6:gcs_tx	8	static
gcs.c:175:6:gcs_rx	336	dynamic,bounded
