timer.c:64:6:tmr_setup	24	static
timer.c:110:6:tmr_attr	8	static
timer.c:13:6:tmr_init	80	static
timer.c:141:6:tmr_thread	32	static
timer.c:164:6:tmr_exit	8	static
timer.c:228:6:tmr_create	40	static
timer.c:433:7:fcn_debug	40	static
timer.c:415:7:fcn_ctrl	40	static
timer.c:379:7:fcn_imuB	40	static
timer.c:361:7:fcn_imuA	40	static
timer.c:344:7:fcn_flag	40	static
timer.c:326:7:fcn_sio	40	static
timer.c:263:6:tmr_pause	24	static
timer.c:283:6:tmr_start	16	static
timer.c:301:6:tmr_finish	24	static
