timer.c:33:6:tmr_mutex	8	static
timer.c:59:6:tmr_setup	48	static
timer.c:125:6:tmr_attr	8	static
timer.c:156:6:tmr_begin	24	static
timer.c:18:6:tmr_init	88	static
timer.c:187:6:tmr_exit	8	static
timer.c:276:6:tmr_thread	32	static
timer.c:299:6:tmr_create	40	static
timer.c:585:7:fcn_debug	40	static
timer.c:435:7:fcn_imu	40	static
timer.c:418:7:fcn_flag	40	static
timer.c:397:7:fcn_io	48	static
timer.c:334:6:tmr_pause	24	static
timer.c:354:6:tmr_start	16	static
timer.c:372:6:tmr_finish	24	static
timer.c:459:7:fcn_imuA	40	static
timer.c:478:7:fcn_imuB	40	static
timer.c:497:7:fcn_ahrs	40	static
timer.c:515:7:fcn_gps	40	static
timer.c:533:7:fcn_gcstx	40	static
timer.c:550:7:fcn_gcsrx	40	static
timer.c:567:7:fcn_ctrl	40	static
